<html>
<body>
<pre>
<h1>µVision Build Log</h1>
<h2>Tool Versions:</h2>
IDE-Version: µVision V5.39.0.0
Copyright (C) 2023 ARM Ltd and ARM Germany GmbH. All rights reserved.
License Information: Deyontae Patterson, McMaster University COMPENG 2DX3, LIC=----
 
Tool Versions:
Toolchain:       MDK-Lite  Version: 5.39.0.0
Toolchain Path:  C:\Keil_v5\ARM\ARMCLANG\Bin
C Compiler:      ArmClang.exe V6.21
Assembler:       Armasm.exe V6.21
Linker/Locator:  ArmLink.exe V6.21
Library Manager: ArmAr.exe V6.21
Hex Converter:   FromElf.exe V6.21
CPU DLL:         SARMCM3.DLL V5.39.0.0
Dialog DLL:      DCM.DLL V1.17.5.0
Target DLL:      UL2CM3.DLL V1.164.9.0
Dialog DLL:      TCM.DLL V1.56.4.0
 
<h2>Project:</h2>
C:\Users\deyon\OneDrive - McMaster University\2DX3 - Microprocessor Systems Project\Project\Deliverable 2\patted9_ProjectDeliverable_2_Code\Project_Deliverable_2.uvprojx
Project File Date:  04/05/2024

<h2>Output:</h2>
*** Using Compiler 'V6.21', folder: 'C:\Keil_v5\ARM\ARMCLANG\Bin'
Rebuild target 'Target 1'
StepperMotor.c(1): warning: In file included from...
./StepperMotor.h(3): warning: In file included from...
./SysTick.h(47): warning: no newline at end of file [-Wnewline-eof]
   47 | void SysTick_Wait1us(uint32_t delay);
      |                                      ^
StepperMotor.c(1): warning: In file included from...
./StepperMotor.h(7): warning: no newline at end of file [-Wnewline-eof]
    7 | void ReturnHome(bool Direction, int CurrentPos);
      |                                                 ^
2 warnings generated.
compiling StepperMotor.c...
SysTick.c(38): warning: In file included from...
./SysTick.h(47): warning: no newline at end of file [-Wnewline-eof]
   47 | void SysTick_Wait1us(uint32_t delay);
      |                                      ^
1 warning generated.
compiling SysTick.c...
onboardLEDs.c(4): warning: In file included from...
./SysTick.h(47): warning: no newline at end of file [-Wnewline-eof]
   47 | void SysTick_Wait1us(uint32_t delay);
      |                                      ^
onboardLEDs.c(12): warning: binary integer literals are a GNU extension [-Wgnu-binary-literal]
   12 |                         GPIO_PORTN_DATA_R ^= 0b00000010;                                                                //hello world!
      |                                              ^
onboardLEDs.c(14): warning: binary integer literals are a GNU extension [-Wgnu-binary-literal]
   14 |                         GPIO_PORTN_DATA_R ^= 0b00000010;                        
      |                                              ^
onboardLEDs.c(22): warning: binary integer literals are a GNU extension [-Wgnu-binary-literal]
   22 |                         GPIO_PORTN_DATA_R ^= 0b00000001;                                                                //hello world!
      |                                              ^
onboardLEDs.c(24): warning: binary integer literals are a GNU extension [-Wgnu-binary-literal]
   24 |                         GPIO_PORTN_DATA_R ^= 0b00000001;                        
      |                                              ^
onboardLEDs.c(32): warning: binary integer literals are a GNU extension [-Wgnu-binary-literal]
   32 |                         GPIO_PORTF_DATA_R ^= 0b00010000;                                                                //hello world!
      |                                              ^
onboardLEDs.c(34): warning: binary integer literals are a GNU extension [-Wgnu-binary-literal]
   34 |                         GPIO_PORTF_DATA_R ^= 0b00010000;                        
      |                                              ^
onboardLEDs.c(42): warning: binary integer literals are a GNU extension [-Wgnu-binary-literal]
   42 |                         GPIO_PORTF_DATA_R ^= 0b00000001;                                                                //hello world!
      |                                              ^
onboardLEDs.c(44): warning: binary integer literals are a GNU extension [-Wgnu-binary-literal]
   44 |                         GPIO_PORTF_DATA_R ^= 0b00000001;                        
      |                                              ^
onboardLEDs.c(49): warning: a function declaration without a prototype is deprecated in all versions of C [-Wstrict-prototypes]
   49 | void FlashAllLEDs(){
      |                  ^
      |                   void
onboardLEDs.c(50): warning: binary integer literals are a GNU extension [-Wgnu-binary-literal]
   50 |                 GPIO_PORTN_DATA_R ^= 0b00000011;                                                                //hello world!
      |                                      ^
onboardLEDs.c(51): warning: binary integer literals are a GNU extension [-Wgnu-binary-literal]
   51 |                 GPIO_PORTF_DATA_R ^= 0b00010001;                                                                //hello world!  
      |                                      ^
onboardLEDs.c(53): warning: binary integer literals are a GNU extension [-Wgnu-binary-literal]
   53 |                 GPIO_PORTN_DATA_R ^= 0b00000011;                        
      |                                      ^
onboardLEDs.c(54): warning: binary integer literals are a GNU extension [-Wgnu-binary-literal]
   54 |                 GPIO_PORTF_DATA_R ^= 0b00010001;                                                                //goodbye world!        
      |                                      ^
onboardLEDs.c(58): warning: a function declaration without a prototype is deprecated in all versions of C [-Wstrict-prototypes]
   58 | void FlashI2CTx(){
      |                ^
      |                 void
onboardLEDs.c(62): warning: a function declaration without a prototype is deprecated in all versions of C [-Wstrict-prototypes]
   62 | void FlashI2CRx(){
      |                ^
      |                 void
onboardLEDs.c(69): warning: unused parameter 'count' [-Wunused-parameter]
   69 | void FlashI2CError(int count) {
      |                        ^
onboardLEDs.c(84): warning: empty expression statement has no effect; remove unnecessary ';' to silence this warning [-Wextra-semi-stmt]
   84 |         while((SYSCTL_PRGPIO_R&SYSCTL_PRGPIO_R12) == 0){};      // allow time for clock to stabilize
      |                                                          ^
onboardLEDs.c(86): warning: implicit conversion changes signedness: 'int' to 'uint32_t' (aka 'unsigned int') [-Wsign-conversion]
   86 |   GPIO_PORTN_AFSEL_R &= ~0x03;                                                                  // disable alt funct on PN0,PN1
      |                      ~~ ^~~~~
onboardLEDs.c(90): warning: implicit conversion changes signedness: 'int' to 'uint32_t' (aka 'unsigned int') [-Wsign-conversion]
   90 |   GPIO_PORTN_AMSEL_R &= ~0x03;                                                                  // disable analog functionality on PN0,PN1
      |                      ~~ ^~~~~
onboardLEDs.c(94): warning: empty expression statement has no effect; remove unnecessary ';' to silence this warning [-Wextra-semi-stmt]
   94 |         while((SYSCTL_PRGPIO_R&SYSCTL_PRGPIO_R5) == 0){};       // allow time for clock to stabilize
      |                                                         ^
onboardLEDs.c(96): warning: implicit conversion changes signedness: 'int' to 'uint32_t' (aka 'unsigned int') [-Wsign-conversion]
   96 |   GPIO_PORTF_AFSEL_R &= ~0x11;                                                                  // disable alt funct on PF4,PF0
      |                      ~~ ^~~~~
onboardLEDs.c(100): warning: implicit conversion changes signedness: 'int' to 'uint32_t' (aka 'unsigned int') [-Wsign-conversion]
  100 |   GPIO_PORTF_AMSEL_R &= ~0x011;                                                                 // disable analog functionality on PF4,PF0
      |                      ~~ ^~~~~~
23 warnings generated.
compiling onboardLEDs.c...
PLL.c(82): warning: implicit conversion changes signedness: 'int' to 'uint32_t' (aka 'unsigned int') [-Wsign-conversion]
   82 |   SYSCTL_RSCLKCFG_R &= ~SYSCTL_RSCLKCFG_USEPLL;
      |                     ~~ ^~~~~~~~~~~~~~~~~~~~~~~
PLL.c(86): warning: implicit conversion changes signedness: 'int' to 'uint32_t' (aka 'unsigned int') [-Wsign-conversion]
   86 |   SYSCTL_MOSCCTL_R &= ~(SYSCTL_MOSCCTL_NOXTAL|SYSCTL_MOSCCTL_PWRDN);
      |                    ~~ ^~~~~~~~~~~~~~~~~~~~~~~~~~~~~~~~~~~~~~~~~~~~~
PLL.c(89): warning: empty expression statement has no effect; remove unnecessary ';' to silence this warning [-Wextra-semi-stmt]
   89 |   while((SYSCTL_RIS_R&SYSCTL_RIS_MOSCPUPRIS)==0){};
      |                                                   ^
PLL.c(93): warning: implicit conversion changes signedness: 'int' to 'uint32_t' (aka 'unsigned int') [-Wsign-conversion]
   93 |   SYSCTL_RSCLKCFG_R = (SYSCTL_RSCLKCFG_R&~SYSCTL_RSCLKCFG_OSCSRC_M)+SYSCTL_RSCLKCFG_OSCSRC_MOSC;
      |                                         ~^~~~~~~~~~~~~~~~~~~~~~~~~
PLL.c(95): warning: implicit conversion changes signedness: 'int' to 'uint32_t' (aka 'unsigned int') [-Wsign-conversion]
   95 |   SYSCTL_RSCLKCFG_R = (SYSCTL_RSCLKCFG_R&~SYSCTL_RSCLKCFG_PLLSRC_M)+SYSCTL_RSCLKCFG_PLLSRC_MOSC;
      |                                         ~^~~~~~~~~~~~~~~~~~~~~~~~~
PLL.c(99): warning: implicit conversion changes signedness: 'int' to 'uint32_t' (aka 'unsigned int') [-Wsign-conversion]
   99 |   SYSCTL_DSCLKCFG_R = (SYSCTL_DSCLKCFG_R&~SYSCTL_DSCLKCFG_DSOSCSRC_M)+SYSCTL_DSCLKCFG_DSOSCSRC_MOSC;
      |                                         ~^~~~~~~~~~~~~~~~~~~~~~~~~~~
PLL.c(118): warning: implicit conversion changes signedness: 'int' to 'uint32_t' (aka 'unsigned int') [-Wsign-conversion]
  118 |                       (SYSCTL_PLLFREQ0_R&~SYSCTL_PLLFREQ0_MINT_M)+(MINT<<SYSCTL_PLLFREQ0_MINT_S);
      |                                         ~^~~~~~~~~~~~~~~~~~~~~~~
PLL.c(117): warning: implicit conversion changes signedness: 'int' to 'uint32_t' (aka 'unsigned int') [-Wsign-conversion]
  117 |   SYSCTL_PLLFREQ0_R = (SYSCTL_PLLFREQ0_R&~SYSCTL_PLLFREQ0_MFRAC_M)+(MFRAC<<SYSCTL_PLLFREQ0_MFRAC_S) |
      |                                         ~^~~~~~~~~~~~~~~~~~~~~~~~
PLL.c(120): warning: implicit conversion changes signedness: 'int' to 'uint32_t' (aka 'unsigned int') [-Wsign-conversion]
  120 |                       (SYSCTL_PLLFREQ1_R&~SYSCTL_PLLFREQ1_N_M)+(N<<SYSCTL_PLLFREQ1_N_S);
      |                                         ~^~~~~~~~~~~~~~~~~~~~
PLL.c(119): warning: implicit conversion changes signedness: 'int' to 'uint32_t' (aka 'unsigned int') [-Wsign-conversion]
  119 |   SYSCTL_PLLFREQ1_R = (SYSCTL_PLLFREQ1_R&~SYSCTL_PLLFREQ1_Q_M)+(Q<<SYSCTL_PLLFREQ1_Q_S) |
      |                                         ~^~~~~~~~~~~~~~~~~~~~
PLL.c(129): warning: implicit conversion changes signedness: 'int' to 'uint32_t' (aka 'unsigned int') [-Wsign-conversion]
  129 |     SYSCTL_MEMTIM0_R = (SYSCTL_MEMTIM0_R&~0x03EF03EF) + (0x0<<22) + (0x0<<21) + (0x0<<16) + (0x0<<6) + (0x0<<5) + (0x0);
      |                                         ~^~~~~~~~~~~
PLL.c(132): warning: implicit conversion changes signedness: 'int' to 'uint32_t' (aka 'unsigned int') [-Wsign-conversion]
  132 |     SYSCTL_MEMTIM0_R = (SYSCTL_MEMTIM0_R&~0x03EF03EF) + (0x0<<22) + (0x1<<21) + (0x0<<16) + (0x0<<6) + (0x1<<5) + (0x0);
      |                                         ~^~~~~~~~~~~
PLL.c(135): warning: implicit conversion changes signedness: 'int' to 'uint32_t' (aka 'unsigned int') [-Wsign-conversion]
  135 |     SYSCTL_MEMTIM0_R = (SYSCTL_MEMTIM0_R&~0x03EF03EF) + (0x2<<22) + (0x0<<21) + (0x1<<16) + (0x2<<6) + (0x0<<5) + (0x1);
      |                                         ~^~~~~~~~~~~
PLL.c(138): warning: implicit conversion changes signedness: 'int' to 'uint32_t' (aka 'unsigned int') [-Wsign-conversion]
  138 |     SYSCTL_MEMTIM0_R = (SYSCTL_MEMTIM0_R&~0x03EF03EF) + (0x3<<22) + (0x0<<21) + (0x2<<16) + (0x3<<6) + (0x0<<5) + (0x2);
      |                                         ~^~~~~~~~~~~
PLL.c(141): warning: implicit conversion changes signedness: 'int' to 'uint32_t' (aka 'unsigned int') [-Wsign-conversion]
  141 |     SYSCTL_MEMTIM0_R = (SYSCTL_MEMTIM0_R&~0x03EF03EF) + (0x4<<22) + (0x0<<21) + (0x3<<16) + (0x4<<6) + (0x0<<5) + (0x3);
      |                                         ~^~~~~~~~~~~
PLL.c(144): warning: implicit conversion changes signedness: 'int' to 'uint32_t' (aka 'unsigned int') [-Wsign-conversion]
  144 |     SYSCTL_MEMTIM0_R = (SYSCTL_MEMTIM0_R&~0x03EF03EF) + (0x5<<22) + (0x0<<21) + (0x4<<16) + (0x5<<6) + (0x0<<5) + (0x4);
      |                                         ~^~~~~~~~~~~
PLL.c(147): warning: implicit conversion changes signedness: 'int' to 'uint32_t' (aka 'unsigned int') [-Wsign-conversion]
  147 |     SYSCTL_MEMTIM0_R = (SYSCTL_MEMTIM0_R&~0x03EF03EF) + (0x6<<22) + (0x0<<21) + (0x5<<16) + (0x6<<6) + (0x0<<5) + (0x5);
      |                                         ~^~~~~~~~~~~
PLL.c(170): warning: implicit conversion changes signedness: 'int' to 'uint32_t' (aka 'unsigned int') [-Wsign-conversion]
  170 |   SYSCTL_RSCLKCFG_R = (SYSCTL_RSCLKCFG_R&~SYSCTL_RSCLKCFG_PSYSDIV_M)+(PSYSDIV&SYSCTL_RSCLKCFG_PSYSDIV_M) |
      |                                         ~^~~~~~~~~~~~~~~~~~~~~~~~~~
PLL.c(152): warning: 'return' will never be executed [-Wunreachable-code-return]
  152 |     return;
      |     ^~~~~~
19 warnings generated.
compiling PLL.c...
uart.c(10): warning: invalid UTF-8 in comment [-Winvalid-utf8]
   10 |         SYSCTL_RCGCUART_R |= 0x0001; // activate UART0 <A0> 
      |                                                        ^
uart.c(11): warning: invalid UTF-8 in comment [-Winvalid-utf8]
   11 |         SYSCTL_RCGCGPIO_R |= 0x0001; // activate port A <A0> 
      |                                                         ^
uart.c(12): warning: invalid UTF-8 in comment [-Winvalid-utf8]
   12 |         //UART0_CTL_R &= ~0x0001; // disable UART <A0> 
      |                                                   ^
uart.c(14): warning: empty expression statement has no effect; remove unnecessary ';' to silence this warning [-Wextra-semi-stmt]
   14 |         while((SYSCTL_PRUART_R&SYSCTL_PRUART_R0) == 0){};
      |                                                         ^
uart.c(16): warning: implicit conversion changes signedness: 'int' to 'uint32_t' (aka 'unsigned int') [-Wsign-conversion]
   16 |   UART0_CTL_R &= ~UART_CTL_UARTEN;      // disable UART
      |               ~~ ^~~~~~~~~~~~~~~~
uart.c(22): warning: implicit conversion changes signedness: 'int' to 'uint32_t' (aka 'unsigned int') [-Wsign-conversion]
   22 |   UART0_CC_R = (UART0_CC_R&~UART_CC_CS_M)+UART_CC_CS_PIOSC;
      |                           ~^~~~~~~~~~~~~
uart.c(24): warning: implicit conversion changes signedness: 'int' to 'uint32_t' (aka 'unsigned int') [-Wsign-conversion]
   24 |   SYSCTL_ALTCLKCFG_R = (SYSCTL_ALTCLKCFG_R&~SYSCTL_ALTCLKCFG_ALTCLK_M)+SYSCTL_ALTCLKCFG_ALTCLK_PIOSC;
      |                                           ~^~~~~~~~~~~~~~~~~~~~~~~~~~
uart.c(25): warning: implicit conversion changes signedness: 'int' to 'uint32_t' (aka 'unsigned int') [-Wsign-conversion]
   25 |   UART0_CTL_R &= ~UART_CTL_HSE;         // high-speed disable; divide clock by 16 rather than 8 (default)
      |               ~~ ^~~~~~~~~~~~~
uart.c(27): warning: invalid UTF-8 in comment [-Winvalid-utf8]
   27 |         UART0_LCRH_R = 0x0070;          // 8-bit word length, enable FIFO <A0> 
      |                                                                           ^
uart.c(28): warning: invalid UTF-8 in comment [-Winvalid-utf8]
   28 |         UART0_CTL_R = 0x0301;                   // enable RXE, TXE and UART <A0> 
      |                                                                             ^
uart.c(29): warning: invalid UTF-8 in comment [-Winvalid-utf8]
   29 |         GPIO_PORTA_PCTL_R = (GPIO_PORTA_PCTL_R&0xFFFFFF00)+0x00000011; // UART <A0> 
      |                                                                                ^
uart.c(30): warning: invalid UTF-8 in comment [-Winvalid-utf8]
   30 |         GPIO_PORTA_AMSEL_R &= ~0x03;    // disable analog function on PA1-0 <A0> 
      |                                                                             ^
uart.c(30): warning: implicit conversion changes signedness: 'int' to 'uint32_t' (aka 'unsigned int') [-Wsign-conversion]
   30 |         GPIO_PORTA_AMSEL_R &= ~0x03;    // disable analog function on PA1-0 <A0> 
      |                            ~~ ^~~~~
uart.c(31): warning: invalid UTF-8 in comment [-Winvalid-utf8]
   31 |         GPIO_PORTA_AFSEL_R |= 0x03;             // enable alt funct on PA1-0 <A0> 
      |                                                                              ^
uart.c(37): warning: invalid UTF-8 in comment [-Winvalid-utf8]
   37 |                 while((UART0_FR_R&0x0010) != 0);                // wait until RXFE is 0 <A0> 
      |                                                                                         ^
uart.c(43): warning: invalid UTF-8 in comment [-Winvalid-utf8]
   43 |                 while((UART0_FR_R&0x0020) != 0);        // wait until TXFF is 0 <A0> 
      |                                                                                 ^
uart.c(66): warning: no newline at end of file [-Wnewline-eof]
   66 |         
      |         ^
uart.c(48): warning: unsafe buffer access [-Wunsafe-buffer-usage]
   48 |                 while(array[ptr]){
      |                       ^~~~~
uart.c(49): warning: unsafe buffer access [-Wunsafe-buffer-usage]
   49 |                         UART_OutChar(array[ptr]);
      |                                      ^~~~~
19 warnings generated.
compiling uart.c...
Project_Deliverable_2.c(9): warning: In file included from...
./SysTick.h(47): warning: no newline at end of file [-Wnewline-eof]
   47 | void SysTick_Wait1us(uint32_t delay);
      |                                      ^
Project_Deliverable_2.c(14): warning: In file included from...
./StepperMotor.h(3): warning: In file included from...
./SysTick.h(47): warning: no newline at end of file [-Wnewline-eof]
   47 | void SysTick_Wait1us(uint32_t delay);
      |                                      ^
Project_Deliverable_2.c(14): warning: In file included from...
./StepperMotor.h(7): warning: no newline at end of file [-Wnewline-eof]
    7 | void ReturnHome(bool Direction, int CurrentPos);
      |                                                 ^
Project_Deliverable_2.c(34): warning: empty expression statement has no effect; remove unnecessary ';' to silence this warning [-Wextra-semi-stmt]
   34 |         while((SYSCTL_PRGPIO_R&0x0002) == 0){};                                                                                                                                         // ready?
      |                                               ^
Project_Deliverable_2.c(46): warning: binary integer literals are a GNU extension [-Wgnu-binary-literal]
   46 |     I2C0_MTPR_R = 0b0000000000000101000000000111011;                            // 8) configure for 100 kbps clock (added 8 clocks of glitch suppression ~50ns)
      |                   ^
Project_Deliverable_2.c(30): warning: no previous prototype for function 'I2C_Init' [-Wmissing-prototypes]
   30 | void I2C_Init(void)
      |      ^
Project_Deliverable_2.c(30): note: declare 'static' if the function is not intended to be used outside of this translation unit
   30 | void I2C_Init(void)
      | ^
      | static 
Project_Deliverable_2.c(54): warning: binary integer literals are a GNU extension [-Wgnu-binary-literal]
   54 |     GPIO_PORTG_DATA_R &= 0b11111110;                                 //PG0 = 0
      |                          ^
Project_Deliverable_2.c(57): warning: implicit conversion changes signedness: 'int' to 'uint32_t' (aka 'unsigned int') [-Wsign-conversion]
   57 |     GPIO_PORTG_DIR_R &= ~0x01;                                            // make PG0 input (HiZ)
      |                      ~~ ^~~~~
Project_Deliverable_2.c(51): warning: no previous prototype for function 'VL53L1X_XSHUT' [-Wmissing-prototypes]
   51 | void VL53L1X_XSHUT(void)
      |      ^
Project_Deliverable_2.c(51): note: declare 'static' if the function is not intended to be used outside of this translation unit
   51 | void VL53L1X_XSHUT(void)
      | ^
      | static 
Project_Deliverable_2.c(64): warning: empty expression statement has no effect; remove unnecessary ';' to silence this warning [-Wextra-semi-stmt]
   64 |         while((SYSCTL_PRGPIO_R & SYSCTL_PRGPIO_R11) == 0){};      
      |                                                            ^
Project_Deliverable_2.c(66): warning: binary integer literals are a GNU extension [-Wgnu-binary-literal]
   66 |         GPIO_PORTM_DIR_R = 0b00000000;                                                                        
      |                            ^
Project_Deliverable_2.c(67): warning: binary integer literals are a GNU extension [-Wgnu-binary-literal]
   67 |   GPIO_PORTM_DEN_R = 0b00000001;
      |                      ^
Project_Deliverable_2.c(61): warning: no previous prototype for function 'PortM_Init' [-Wmissing-prototypes]
   61 | void PortM_Init(void)                                                                                   // For Push Buttons (Active High)
      |      ^
Project_Deliverable_2.c(61): note: declare 'static' if the function is not intended to be used outside of this translation unit
   61 | void PortM_Init(void)                                                                                   // For Push Buttons (Active High)
      | ^
      | static 
Project_Deliverable_2.c(75): warning: empty expression statement has no effect; remove unnecessary ';' to silence this warning [-Wextra-semi-stmt]
   75 |         while((SYSCTL_PRGPIO_R & SYSCTL_PRGPIO_R12) == 0){};      
      |                                                            ^
Project_Deliverable_2.c(72): warning: no previous prototype for function 'PortN_Init' [-Wmissing-prototypes]
   72 | void PortN_Init(void)                                                                                   // For Push Buttons (Active High)
      |      ^
Project_Deliverable_2.c(72): note: declare 'static' if the function is not intended to be used outside of this translation unit
   72 | void PortN_Init(void)                                                                                   // For Push Buttons (Active High)
      | ^
      | static 
Project_Deliverable_2.c(85): warning: empty expression statement has no effect; remove unnecessary ';' to silence this warning [-Wextra-semi-stmt]
   85 |         while((SYSCTL_PRGPIO_R & SYSCTL_PRGPIO_R7) == 0){};           
      |                                                           ^
Project_Deliverable_2.c(82): warning: no previous prototype for function 'PortH_Init' [-Wmissing-prototypes]
   82 | void PortH_Init(void)                                                                                   // For Rotating Stepper
      |      ^
Project_Deliverable_2.c(82): note: declare 'static' if the function is not intended to be used outside of this translation unit
   82 | void PortH_Init(void)                                                                                   // For Rotating Stepper
      | ^
      | static 
Project_Deliverable_2.c(95): warning: empty expression statement has no effect; remove unnecessary ';' to silence this warning [-Wextra-semi-stmt]
   95 |         while((SYSCTL_PRGPIO_R&SYSCTL_PRGPIO_R5) == 0){};                                       
      |                                                         ^
Project_Deliverable_2.c(92): warning: no previous prototype for function 'PortF_Init' [-Wmissing-prototypes]
   92 | void PortF_Init(void)                                                                                   // Student-unique LED (PF4)
      |      ^
Project_Deliverable_2.c(92): note: declare 'static' if the function is not intended to be used outside of this translation unit
   92 | void PortF_Init(void)                                                                                   // Student-unique LED (PF4)
      | ^
      | static 
Project_Deliverable_2.c(102): warning: no previous extern declaration for non-static variable 'dev' [-Wmissing-variable-declarations]
  102 | uint16_t dev = 0x29;                    //address of the ToF sensor as an I2C slave peripheral
      |          ^
Project_Deliverable_2.c(102): note: declare 'static' if the variable is not intended to be used outside of this translation unit
  102 | uint16_t dev = 0x29;                    //address of the ToF sensor as an I2C slave peripheral
      | ^
Project_Deliverable_2.c(103): warning: no previous extern declaration for non-static variable 'status' [-Wmissing-variable-declarations]
  103 | int status=0;
      |     ^
Project_Deliverable_2.c(103): note: declare 'static' if the variable is not intended to be used outside of this translation unit
  103 | int status=0;
      | ^
Project_Deliverable_2.c(178): warning: binary integer literals are a GNU extension [-Wgnu-binary-literal]
  178 |                         GPIO_PORTN_DATA_R = 0b00001000;
      |                                             ^
Project_Deliverable_2.c(181): warning: binary integer literals are a GNU extension [-Wgnu-binary-literal]
  181 |                         GPIO_PORTN_DATA_R = 0b00000000;
      |                                             ^
Project_Deliverable_2.c(197): warning: implicit conversion changes signedness: 'int' to 'uint32_t' (aka 'unsigned int') [-Wsign-conversion]
  197 |                         SysTick_Wait10ms(process_time);
      |                         ~~~~~~~~~~~~~~~~ ^~~~~~~~~~~~
Project_Deliverable_2.c(214): warning: implicit conversion changes signedness: 'int' to 'uint32_t' (aka 'unsigned int') [-Wsign-conversion]
  214 |                                         SysTick_Wait10ms(process_time);
      |                                         ~~~~~~~~~~~~~~~~ ^~~~~~~~~~~~
Project_Deliverable_2.c(223): warning: implicit conversion changes signedness: 'int' to 'uint32_t' (aka 'unsigned int') [-Wsign-conversion]
  223 |                                         TurnMotor(isClockwise, delay);
      |                                         ~~~~~~~~~              ^~~~~
Project_Deliverable_2.c(278): warning: no newline at end of file [-Wnewline-eof]
  278 | }
      |  ^
Project_Deliverable_2.c(137): warning: mixing declarations and code is incompatible with standards before C99 [-Wdeclaration-after-statement]
  137 |         int mynumber = 1;
      |             ^
Project_Deliverable_2.c(107): warning: unused variable 'myByteArray' [-Wunused-variable]
  107 |         uint8_t byteData, sensorState=0, myByteArray[10] = {0xFF, 0xFF, 0xFF, 0xFF, 0xFF, 0xFF, 0xFF, 0xFF, 0xFF, 0xFF} , i=0;
      |                                          ^~~~~~~~~~~
Project_Deliverable_2.c(107): warning: unused variable 'i' [-Wunused-variable]
  107 |         uint8_t byteData, sensorState=0, myByteArray[10] = {0xFF, 0xFF, 0xFF, 0xFF, 0xFF, 0xFF, 0xFF, 0xFF, 0xFF, 0xFF} , i=0;
      |                                                                                                                           ^
Project_Deliverable_2.c(235): warning: variable 'dataReady' may be uninitialized when used here [-Wconditional-uninitialized]
  235 |                                                 while (dataReady == 0)
      |                                                        ^~~~~~~~~
Project_Deliverable_2.c(114): note: initialize the variable 'dataReady' to silence this warning
  114 |         uint8_t dataReady;
      |                          ^
      |                           = '\0'
31 warnings generated.
compiling Project_Deliverable_2.c...
vl53l1_platform_2dx4.c(59): warning: In file included from...
./SysTick.h(47): warning: no newline at end of file [-Wnewline-eof]
   47 | void SysTick_Wait1us(uint32_t delay);
      |                                      ^
vl53l1_platform_2dx4.c(70): warning: implicit conversion changes signedness: 'int' to 'uint32_t' (aka 'unsigned int') [-Wsign-conversion]
   70 |   I2C0_MSA_R &= ~0x01;             // MSA[0] is 0 for send
      |              ~~ ^~~~~
vl53l1_platform_2dx4.c(67): warning: no previous prototype for function 'beginTxI2C' [-Wmissing-prototypes]
   67 | int8_t beginTxI2C(uint8_t dev){
      |        ^
vl53l1_platform_2dx4.c(67): note: declare 'static' if the function is not intended to be used outside of this translation unit
   67 | int8_t beginTxI2C(uint8_t dev){
      | ^
      | static 
vl53l1_platform_2dx4.c(75): warning: no previous prototype for function 'beginRxI2C' [-Wmissing-prototypes]
   75 | int8_t beginRxI2C(uint8_t dev){
      |        ^
vl53l1_platform_2dx4.c(75): note: declare 'static' if the function is not intended to be used outside of this translation unit
   75 | int8_t beginRxI2C(uint8_t dev){
      | ^
      | static 
vl53l1_platform_2dx4.c(86): warning: implicit conversion loses integer precision: 'uint16_t' (aka 'unsigned short') to 'uint8_t' (aka 'unsigned char') [-Wimplicit-int-conversion]
   86 |         data2 = index;
      |               ~ ^~~~~
vl53l1_platform_2dx4.c(95): warning: empty expression statement has no effect; remove unnecessary ';' to silence this warning [-Wextra-semi-stmt]
   95 |   while(I2C0_MCS_R&I2C_MCS_BUSY){};// wait for transmission done
      |                                   ^
vl53l1_platform_2dx4.c(109): warning: empty expression statement has no effect; remove unnecessary ';' to silence this warning [-Wextra-semi-stmt]
  109 |   while(I2C0_MCS_R&I2C_MCS_BUSY){};// wait for transmission done
      |                                   ^
vl53l1_platform_2dx4.c(82): warning: no previous prototype for function 'writeRegisterIndex' [-Wmissing-prototypes]
   82 | int8_t writeRegisterIndex(uint16_t index) {
      |        ^
vl53l1_platform_2dx4.c(82): note: declare 'static' if the function is not intended to be used outside of this translation unit
   82 | int8_t writeRegisterIndex(uint16_t index) {
      | ^
      | static 
vl53l1_platform_2dx4.c(123): warning: implicit conversion loses integer precision: 'uint16_t' (aka 'unsigned short') to 'uint8_t' (aka 'unsigned char') [-Wimplicit-int-conversion]
  123 |         data2 = index;
      |               ~ ^~~~~
vl53l1_platform_2dx4.c(131): warning: empty expression statement has no effect; remove unnecessary ';' to silence this warning [-Wextra-semi-stmt]
  131 |   while(I2C0_MCS_R&I2C_MCS_BUSY){};// wait for transmission done
      |                                   ^
vl53l1_platform_2dx4.c(145): warning: empty expression statement has no effect; remove unnecessary ';' to silence this warning [-Wextra-semi-stmt]
  145 |   while(I2C0_MCS_R&I2C_MCS_BUSY){};// wait for transmission done
      |                                   ^
vl53l1_platform_2dx4.c(119): warning: no previous prototype for function 'writeRegisterIndex_nostop' [-Wmissing-prototypes]
  119 | int8_t writeRegisterIndex_nostop(uint16_t index) {
      |        ^
vl53l1_platform_2dx4.c(119): note: declare 'static' if the function is not intended to be used outside of this translation unit
  119 | int8_t writeRegisterIndex_nostop(uint16_t index) {
      | ^
      | static 
vl53l1_platform_2dx4.c(169): warning: empty expression statement has no effect; remove unnecessary ';' to silence this warning [-Wextra-semi-stmt]
  169 |                 while(I2C0_MCS_R&I2C_MCS_BUSY){};// wait for transmission done
      |                                                 ^
vl53l1_platform_2dx4.c(185): warning: empty expression statement has no effect; remove unnecessary ';' to silence this warning [-Wextra-semi-stmt]
  185 |   while(I2C0_MCS_R&I2C_MCS_BUSY){};// wait for transmission done
      |                                   ^
vl53l1_platform_2dx4.c(157): warning: no previous prototype for function 'writeI2C' [-Wmissing-prototypes]
  157 | int8_t writeI2C(uint8_t *pdata, uint32_t count){
      |        ^
vl53l1_platform_2dx4.c(157): note: declare 'static' if the function is not intended to be used outside of this translation unit
  157 | int8_t writeI2C(uint8_t *pdata, uint32_t count){
      | ^
      | static 
vl53l1_platform_2dx4.c(159): warning: comparison of integers of different signs: 'int' and 'uint32_t' (aka 'unsigned int') [-Wsign-compare]
  159 |         for(int i = 0; i < count-1; i++){ 
      |                        ~ ^ ~~~~~~~
vl53l1_platform_2dx4.c(207): warning: empty expression statement has no effect; remove unnecessary ';' to silence this warning [-Wextra-semi-stmt]
  207 |   while(I2C0_MCS_R&I2C_MCS_BUSY){};// wait for transmission done
      |                                   ^
vl53l1_platform_2dx4.c(200): warning: no previous prototype for function 'readI2C' [-Wmissing-prototypes]
  200 | int8_t readI2C(uint8_t *pdata){ 
      |        ^
vl53l1_platform_2dx4.c(200): note: declare 'static' if the function is not intended to be used outside of this translation unit
  200 | int8_t readI2C(uint8_t *pdata){ 
      | ^
      | static 
vl53l1_platform_2dx4.c(262): warning: implicit conversion loses integer precision: 'uint16_t' (aka 'unsigned short') to 'uint8_t' (aka 'unsigned char') [-Wimplicit-int-conversion]
  262 |         beginTxI2C(dev);
      |         ~~~~~~~~~~ ^~~
vl53l1_platform_2dx4.c(284): warning: implicit conversion loses integer precision: 'uint16_t' (aka 'unsigned short') to 'uint8_t' (aka 'unsigned char') [-Wimplicit-int-conversion]
  284 |         beginTxI2C(dev);
      |         ~~~~~~~~~~ ^~~
vl53l1_platform_2dx4.c(287): warning: implicit conversion loses integer precision: 'uint16_t' (aka 'unsigned short') to 'uint8_t' (aka 'unsigned char') [-Wimplicit-int-conversion]
  287 |         beginRxI2C(dev);
      |         ~~~~~~~~~~ ^~~
vl53l1_platform_2dx4.c(288): warning: comparison of integers of different signs: 'int' and 'uint32_t' (aka 'unsigned int') [-Wsign-compare]
  288 |         for(int i = 0; i < count; i++) readI2C(pdata++);
      |                        ~ ^ ~~~~~
vl53l1_platform_2dx4.c(303): warning: implicit conversion loses integer precision: 'uint16_t' (aka 'unsigned short') to 'uint8_t' (aka 'unsigned char') [-Wimplicit-int-conversion]
  303 |         beginTxI2C(dev);
      |         ~~~~~~~~~~ ^~~
vl53l1_platform_2dx4.c(322): warning: implicit conversion loses integer precision: 'uint16_t' (aka 'unsigned short') to 'uint8_t' (aka 'unsigned char') [-Wimplicit-int-conversion]
  322 |         beginTxI2C(dev);
      |         ~~~~~~~~~~ ^~~
vl53l1_platform_2dx4.c(349): warning: implicit conversion loses integer precision: 'uint16_t' (aka 'unsigned short') to 'uint8_t' (aka 'unsigned char') [-Wimplicit-int-conversion]
  349 |         beginTxI2C(dev);
      |         ~~~~~~~~~~ ^~~
vl53l1_platform_2dx4.c(346): warning: unused parameter 'data' [-Wunused-parameter]
  346 | int8_t VL53L1_WrDWord(uint16_t dev, uint16_t index, uint32_t data) {
      |                                                              ^
vl53l1_platform_2dx4.c(370): warning: implicit conversion loses integer precision: 'uint16_t' (aka 'unsigned short') to 'uint8_t' (aka 'unsigned char') [-Wimplicit-int-conversion]
  370 |         beginTxI2C(dev);
      |         ~~~~~~~~~~ ^~~
vl53l1_platform_2dx4.c(372): warning: implicit conversion loses integer precision: 'uint16_t' (aka 'unsigned short') to 'uint8_t' (aka 'unsigned char') [-Wimplicit-int-conversion]
  372 |         beginRxI2C(dev);
      |         ~~~~~~~~~~ ^~~
vl53l1_platform_2dx4.c(389): warning: implicit conversion loses integer precision: 'uint16_t' (aka 'unsigned short') to 'uint8_t' (aka 'unsigned char') [-Wimplicit-int-conversion]
  389 |         beginTxI2C(dev);
      |         ~~~~~~~~~~ ^~~
vl53l1_platform_2dx4.c(392): warning: implicit conversion loses integer precision: 'uint16_t' (aka 'unsigned short') to 'uint8_t' (aka 'unsigned char') [-Wimplicit-int-conversion]
  392 |         beginRxI2C(dev);
      |         ~~~~~~~~~~ ^~~
vl53l1_platform_2dx4.c(397): warning: implicit conversion loses integer precision: 'int' to 'uint16_t' (aka 'unsigned short') [-Wimplicit-int-conversion]
  397 |         *data = d1<<8 | d2; 
      |               ~ ~~~~~~^~~~
vl53l1_platform_2dx4.c(415): warning: implicit conversion loses integer precision: 'uint16_t' (aka 'unsigned short') to 'uint8_t' (aka 'unsigned char') [-Wimplicit-int-conversion]
  415 |         beginTxI2C(dev);
      |         ~~~~~~~~~~ ^~~
vl53l1_platform_2dx4.c(417): warning: implicit conversion loses integer precision: 'uint16_t' (aka 'unsigned short') to 'uint8_t' (aka 'unsigned char') [-Wimplicit-int-conversion]
  417 |         beginRxI2C(dev);
      |         ~~~~~~~~~~ ^~~
vl53l1_platform_2dx4.c(423): warning: implicit conversion changes signedness: 'int' to 'uint32_t' (aka 'unsigned int') [-Wsign-conversion]
  423 |         *data = d1<<24 | d2<<16 | d3<<8 | d4; 
      |               ~ ~~~~~~~~~~~~~~~~~~~~~~~~^~~~
vl53l1_platform_2dx4.c(427): warning: unused parameter 'dev' [-Wunused-parameter]
  427 | int8_t VL53L1_WaitMs(uint16_t dev, int32_t wait_ms){
      |                               ^
vl53l1_platform_2dx4.c(430): warning: comparison of integers of different signs: 'uint32_t' (aka 'unsigned int') and 'int32_t' (aka 'int') [-Wsign-compare]
  430 |   for(i=0; i<wait_ms; i++){
      |            ~^~~~~~~~
vl53l1_platform_2dx4.c(64): warning: no previous extern declaration for non-static variable '_I2CBuffer' [-Wmissing-variable-declarations]
   64 | uint8_t _I2CBuffer[256];
      |         ^
vl53l1_platform_2dx4.c(64): note: declare 'static' if the variable is not intended to be used outside of this translation unit
   64 | uint8_t _I2CBuffer[256];
      | ^
vl53l1_platform_2dx4.c(160): warning: unsafe pointer arithmetic [-Wunsafe-buffer-usage]
  160 |                 I2C0_MDR_R = (*pdata++)&0xFF;     // prepare byte
      |                                ^~~~~
vl53l1_platform_2dx4.c(288): warning: unsafe pointer arithmetic [-Wunsafe-buffer-usage]
  288 |         for(int i = 0; i < count; i++) readI2C(pdata++);
      |                                                ^~~~~
39 warnings generated.
compiling vl53l1_platform_2dx4.c...
assembling startup_msp432e401y_uvision.s...
VL53L1X_api.c(108): warning: no previous extern declaration for non-static variable 'VL51L1X_DEFAULT_CONFIGURATION' [-Wmissing-variable-declarations]
  108 | const uint8_t VL51L1X_DEFAULT_CONFIGURATION[] = {
      |               ^
VL53L1X_api.c(108): note: declare 'static' if the variable is not intended to be used outside of this translation unit
  108 | const uint8_t VL51L1X_DEFAULT_CONFIGURATION[] = {
      |       ^
VL53L1X_api.c(65): warning: In file included from...
./VL53L1X_api.h(133): warning: padding struct 'VL53L1X_Version_t' with 1 byte to align 'revision' [-Wpadded]
  133 |         uint32_t     revision; /*!< revision number */
      |                      ^
VL53L1X_api.c(271): warning: unused variable 'tmp' [-Wunused-variable]
  271 |         uint8_t tmp;
      |                 ^~~
VL53L1X_api.c(283): warning: implicit conversion loses integer precision: 'int' to 'uint8_t' (aka 'unsigned char') [-Wimplicit-int-conversion]
  283 |         status = VL53L1_WrByte(dev, GPIO_HV_MUX__CTRL, Temp | (!(NewPolarity & 1)) << 4);
      |                  ~~~~~~~~~~~~~                         ~~~~~^~~~~~~~~~~~~~~~~~~~~~~~~~~
VL53L1X_api.c(514): warning: implicit conversion changes signedness: 'int8_t' (aka 'signed char') to 'uint8_t' (aka 'unsigned char') [-Wsign-conversion]
  514 |         status = VL53L1_RdByte(dev,PHASECAL_CONFIG__TIMEOUT_MACROP, &TempDM);
      |                ~ ^~~~~~~~~~~~~~~~~~~~~~~~~~~~~~~~~~~~~~~~~~~~~~~~~~~~~~~~~~~
VL53L1X_api.c(519): warning: implicit conversion changes signedness: 'uint8_t' (aka 'unsigned char') to 'VL53L1X_ERROR' (aka 'signed char') [-Wsign-conversion]
  519 |         return status;
      |         ~~~~~~ ^~~~~~
VL53L1X_api.c(660): warning: implicit conversion loses integer precision: 'int' to 'uint16_t' (aka 'unsigned short') [-Wimplicit-int-conversion]
  660 |         pResult->Ambient = (Temp[7] << 8 | Temp[8]) * 8;
      |                          ~ ~~~~~~~~~~~~~~~~~~~~~~~~~^~~
VL53L1X_api.c(662): warning: implicit conversion loses integer precision: 'int' to 'uint16_t' (aka 'unsigned short') [-Wimplicit-int-conversion]
  662 |         pResult->SigPerSPAD = (Temp[15] << 8 | Temp[16]) * 8;
      |                             ~ ~~~~~~~~~~~~~~~~~~~~~~~~~~~^~~
VL53L1X_api.c(663): warning: implicit conversion loses integer precision: 'int' to 'uint16_t' (aka 'unsigned short') [-Wimplicit-int-conversion]
  663 |         pResult->Distance = Temp[13] << 8 | Temp[14];
      |                           ~ ~~~~~~~~~~~~~~^~~~~~~~~~
VL53L1X_api.c(65): warning: In file included from...
./VL53L1X_api.h(141): warning: padding struct 'VL53L1X_Result_t' with 1 byte to align 'Distance' [-Wpadded]
  141 |         uint16_t Distance;      /*!< ResultDistance */
      |                  ^
VL53L1X_api.c(687): warning: implicit conversion loses integer precision: 'int' to 'uint16_t' (aka 'unsigned short') [-Wimplicit-int-conversion]
  687 |         Temp = Temp<<3;
      |              ~ ~~~~^~~
VL53L1X_api.c(704): warning: implicit conversion loses integer precision: 'int' to 'uint16_t' (aka 'unsigned short') [-Wimplicit-int-conversion]
  703 |         status = VL53L1_WrWord(dev, ALGO__CROSSTALK_COMPENSATION_PLANE_OFFSET_KCPS,
      |                  ~~~~~~~~~~~~~
  704 |                         (XtalkValue<<9)/1000); /* * << 9 (7.9 format) and /1000 to convert cps to kpcs */
      |                         ~~~~~~~~~~~~~~~^~~~~
VL53L1X_api.c(799): warning: implicit conversion loses integer precision: 'int' to 'uint8_t' (aka 'unsigned char') [-Wimplicit-int-conversion]
  798 |         status = VL53L1_WrByte(dev, ROI_CONFIG__USER_ROI_REQUESTED_GLOBAL_XY_SIZE,
      |                  ~~~~~~~~~~~~~
  799 |                        (Y - 1) << 4 | (X - 1));
      |                        ~~~~~~~~~~~~~^~~~~~~~~
VL53L1X_api.c(829): warning: implicit conversion loses integer precision: 'int' to 'uint16_t' (aka 'unsigned short') [-Wimplicit-int-conversion]
  829 |         *signal = tmp <<3;
      |                 ~ ~~~~^~~
VL53L1X_api.c(841): warning: implicit conversion loses integer precision: 'int' to 'uint16_t' (aka 'unsigned short') [-Wimplicit-int-conversion]
  841 |         status = VL53L1_WrWord(dev,RANGE_CONFIG__SIGMA_THRESH,Sigma<<2);
      |                  ~~~~~~~~~~~~~                                ~~~~~^~~
VL53L1X_api.c(235): warning: unsafe buffer access [-Wunsafe-buffer-usage]
  235 |                 VL53L1_WrByte(dev, Addr, VL51L1X_DEFAULT_CONFIGURATION[Addr - 0x2D]);
      |                                          ^~~~~~~~~~~~~~~~~~~~~~~~~~~~~
VL53L1X_api.c(241): warning: unsafe buffer access [-Wunsafe-buffer-usage]
  241 |                 if(tmp != VL51L1X_DEFAULT_CONFIGURATION[Addr - 0x2D]){
      |                           ^~~~~~~~~~~~~~~~~~~~~~~~~~~~~
VL53L1X_api.c(645): warning: unsafe buffer access [-Wunsafe-buffer-usage]
  645 |                 *rangeStatus = status_rtn[RgSt];
      |                                ^~~~~~~~~~
VL53L1X_api.c(658): warning: unsafe buffer access [-Wunsafe-buffer-usage]
  658 |                 RgSt = status_rtn[RgSt];
      |                        ^~~~~~~~~~
VL53L1X_api.c(660): warning: unsafe buffer access [-Wunsafe-buffer-usage]
  660 |         pResult->Ambient = (Temp[7] << 8 | Temp[8]) * 8;
      |                             ^~~~
VL53L1X_api.c(660): warning: unsafe buffer access [-Wunsafe-buffer-usage]
  660 |         pResult->Ambient = (Temp[7] << 8 | Temp[8]) * 8;
      |                                            ^~~~
VL53L1X_api.c(661): warning: unsafe buffer access [-Wunsafe-buffer-usage]
  661 |         pResult->NumSPADs = Temp[3];
      |                             ^~~~
VL53L1X_api.c(662): warning: unsafe buffer access [-Wunsafe-buffer-usage]
  662 |         pResult->SigPerSPAD = (Temp[15] << 8 | Temp[16]) * 8;
      |                                ^~~~
VL53L1X_api.c(662): warning: unsafe buffer access [-Wunsafe-buffer-usage]
  662 |         pResult->SigPerSPAD = (Temp[15] << 8 | Temp[16]) * 8;
      |                                                ^~~~
VL53L1X_api.c(663): warning: unsafe buffer access [-Wunsafe-buffer-usage]
  663 |         pResult->Distance = Temp[13] << 8 | Temp[14];
      |                             ^~~~
VL53L1X_api.c(663): warning: unsafe buffer access [-Wunsafe-buffer-usage]
  663 |         pResult->Distance = Temp[13] << 8 | Temp[14];
      |                                             ^~~~
26 warnings generated.
compiling VL53L1X_api.c...
compiling system_msp432e401y.c...
linking...
Program Size: Code=11984 RO-data=1472 RW-data=8 ZI-data=2664  
".\Objects\Project_Deliverable_2.axf" - 0 Error(s), 160 Warning(s).

<h2>Software Packages used:</h2>

Package Vendor: ARM
                http://www.keil.com/pack/ARM.CMSIS.5.9.0.pack
                ARM::CMSIS@5.9.0
                CMSIS (Common Microcontroller Software Interface Standard)
   * Component: CORE Version: 5.6.0

Package Vendor: TexasInstruments
                http://software-dl.ti.com/msp430/msp430_public_sw/mcu/msp430/msp432cmsis/latest/exports/TexasInstruments.MSP432E4_DFP.3.2.6.pack
                TexasInstruments::MSP432E4_DFP@3.2.6
                Device Family Pack for Texas Instruments SimpleLink(TM) MSP432E4 Series
   * Component: Startup Version: 3.2.3

<h2>Collection of Component include folders:</h2>
  ./RTE/_Target_1
  C:/Users/deyon/AppData/Local/Arm/Packs/ARM/CMSIS/5.9.0/CMSIS/Core/Include
  C:/Users/deyon/AppData/Local/Arm/Packs/TexasInstruments/MSP432E4_DFP/3.2.6/Device/Include

<h2>Collection of Component Files used:</h2>

   * Component: ARM::CMSIS:CORE@5.6.0

   * Component: TexasInstruments::Device:Startup@3.2.3
      Source file:   Examples/BlinkLED/blinkLED.c
      Source file:   Examples/EmptyMain/main.c
      Source file:   Device/Source/startup_msp432e401y_uvision.s
      Source file:   Device/Source/system_msp432e401y.c
Build Time Elapsed:  00:00:02
</pre>
</body>
</html>
